[INFO] Scanning for projects...
[INFO] 
[INFO] -------------------------< com.mauri:backend >--------------------------
[INFO] Building backend 0.0.1-SNAPSHOT
[INFO]   from pom.xml
[INFO] --------------------------------[ jar ]---------------------------------
[INFO] 
[INFO] >>> spring-boot:4.0.5:run (default-cli) > test-compile @ backend >>>
[INFO] 
[INFO] --- resources:3.3.1:resources (default-resources) @ backend ---
[INFO] Copying 2 resources from src\main\resources to target\classes
[INFO] Copying 1 resource from src\main\resources to target\classes
[INFO] 
[INFO] --- compiler:3.14.1:compile (default-compile) @ backend ---
[INFO] Nothing to compile - all classes are up to date.
[INFO] 
[INFO] --- resources:3.3.1:testResources (default-testResources) @ backend ---
[INFO] Copying 1 resource from src\test\resources to target\test-classes
[INFO] 
[INFO] --- compiler:3.14.1:testCompile (default-testCompile) @ backend ---
[INFO] Nothing to compile - all classes are up to date.
[INFO] 
[INFO] <<< spring-boot:4.0.5:run (default-cli) < test-compile @ backend <<<
[INFO] 
[INFO] 
[INFO] --- spring-boot:4.0.5:run (default-cli) @ backend ---
[INFO] Attaching agents: []
Existing backend instance detected on port 8081 (PID 13520). Replacing it before startup.

  .   ____          _            __ _ _
 /\\ / ___'_ __ _ _(_)_ __  __ _ \ \ \ \
( ( )\___ | '_ | '_| | '_ \/ _` | \ \ \ \
 \\/  ___)| |_)| | | | | || (_| |  ) ) ) )
  '  |____| .__|_| |_|_| |_\__, | / / / /
 =========|_|==============|___/=/_/_/_/

 :: Spring Boot ::                (v4.0.5)

2026-04-25T02:24:54.670+02:00  INFO 36832 --- [           main] com.mauri.backend.BackendApplication     : Starting BackendApplication using Java 21.0.8 with PID 36832 (C:\Users\mauri\Projects\medical-data-platform\apps\backend\target\classes started by mauri in C:\Users\mauri\Projects\medical-data-platform\apps\backend)
2026-04-25T02:24:54.676+02:00  INFO 36832 --- [           main] com.mauri.backend.BackendApplication     : No active profile set, falling back to 1 default profile: "default"
2026-04-25T02:24:55.334+02:00  INFO 36832 --- [           main] .s.d.r.c.RepositoryConfigurationDelegate : Bootstrapping Spring Data JPA repositories in DEFAULT mode.
2026-04-25T02:24:55.493+02:00  INFO 36832 --- [           main] .s.d.r.c.RepositoryConfigurationDelegate : Finished Spring Data repository scanning in 145 ms. Found 10 JPA repository interfaces.
2026-04-25T02:24:55.960+02:00  INFO 36832 --- [           main] o.s.boot.tomcat.TomcatWebServer          : Tomcat initialized with port 8081 (http)
2026-04-25T02:24:55.981+02:00  INFO 36832 --- [           main] o.apache.catalina.core.StandardService   : Starting service [Tomcat]
2026-04-25T02:24:55.981+02:00  INFO 36832 --- [           main] o.apache.catalina.core.StandardEngine    : Starting Servlet engine: [Apache Tomcat/11.0.20]
2026-04-25T02:24:56.041+02:00  INFO 36832 --- [           main] b.w.c.s.WebApplicationContextInitializer : Root WebApplicationContext: initialization completed in 1322 ms
2026-04-25T02:24:56.413+02:00  INFO 36832 --- [           main] com.zaxxer.hikari.HikariDataSource       : HikariPool-1 - Starting...
2026-04-25T02:24:56.557+02:00  INFO 36832 --- [           main] com.zaxxer.hikari.pool.HikariPool        : HikariPool-1 - Added connection org.postgresql.jdbc.PgConnection@18dd7767
2026-04-25T02:24:56.558+02:00  INFO 36832 --- [           main] com.zaxxer.hikari.HikariDataSource       : HikariPool-1 - Start completed.
2026-04-25T02:24:56.586+02:00  INFO 36832 --- [           main] org.flywaydb.core.FlywayExecutor         : Database: jdbc:postgresql://localhost:5433/medical_backend_full (PostgreSQL 15.17)
2026-04-25T02:24:56.648+02:00  INFO 36832 --- [           main] o.f.core.internal.command.DbValidate     : Successfully validated 1 migration (execution time 00:00.030s)
2026-04-25T02:24:56.693+02:00  INFO 36832 --- [           main] o.f.core.internal.command.DbMigrate      : Current version of schema "public": 1
2026-04-25T02:24:56.696+02:00  INFO 36832 --- [           main] o.f.core.internal.command.DbMigrate      : Schema "public" is up to date. No migration necessary.
2026-04-25T02:24:56.809+02:00  INFO 36832 --- [           main] org.hibernate.orm.jpa                    : HHH008540: Processing PersistenceUnitInfo [name: default]
2026-04-25T02:24:56.869+02:00  INFO 36832 --- [           main] org.hibernate.orm.core                   : HHH000001: Hibernate ORM core version 7.2.7.Final
2026-04-25T02:24:57.351+02:00  INFO 36832 --- [           main] o.s.o.j.p.SpringPersistenceUnitInfo      : No LoadTimeWeaver setup: ignoring JPA class transformer
2026-04-25T02:24:57.455+02:00  INFO 36832 --- [           main] org.hibernate.orm.connections.pooling    : HHH10001005: Database info:
	Database JDBC URL [jdbc:postgresql://localhost:5433/medical_backend_full]
	Database driver: PostgreSQL JDBC Driver
	Database dialect: PostgreSQLDialect
	Database version: 15.17
	Default catalog/schema: medical_backend_full/public
	Autocommit mode: undefined/unknown
	Isolation level: READ_COMMITTED [default READ_COMMITTED]
	JDBC fetch size: none
	Pool: DataSourceConnectionProvider
	Minimum pool size: undefined/unknown
	Maximum pool size: undefined/unknown
2026-04-25T02:24:58.621+02:00  INFO 36832 --- [           main] org.hibernate.orm.core                   : HHH000489: No JTA platform available (set 'hibernate.transaction.jta.platform' to enable JTA platform integration)
2026-04-25T02:24:58.673+02:00  INFO 36832 --- [           main] j.LocalContainerEntityManagerFactoryBean : Initialized JPA EntityManagerFactory for persistence unit 'default'
2026-04-25T02:24:58.755+02:00  INFO 36832 --- [           main] o.s.d.j.r.query.QueryEnhancerFactories   : Hibernate is in classpath; If applicable, HQL parser will be used.
2026-04-25T02:25:00.741+02:00  INFO 36832 --- [           main] o.s.boot.tomcat.TomcatWebServer          : Tomcat started on port 8081 (http) with context path '/'
2026-04-25T02:25:00.747+02:00  INFO 36832 --- [           main] com.mauri.backend.BackendApplication     : Started BackendApplication in 6.423 seconds (process running for 7.645)
2026-04-25T02:25:01.203+02:00  INFO 36832 --- [nio-8081-exec-1] o.a.c.c.C.[Tomcat].[localhost].[/]       : Initializing Spring DispatcherServlet 'dispatcherServlet'
2026-04-25T02:25:01.207+02:00  INFO 36832 --- [nio-8081-exec-1] o.s.web.servlet.DispatcherServlet        : Initializing Servlet 'dispatcherServlet'
2026-04-25T02:25:01.208+02:00  INFO 36832 --- [nio-8081-exec-1] o.s.web.servlet.DispatcherServlet        : Completed initialization in 1 ms
